started=2026-10-02T00:59:05Z
collection_utc=2026-10-02T00:59:05Z
hostname=lovelace
user=j324077
pwd=/home/lovelace/proj/proj1165/j324077/hpc-benchmark-cenapad
PBS_JOBID=unset
PBS_QUEUE=unset
PBS_NODEFILE=unset

===== operating system =====
NAME="AlmaLinux"
VERSION="8.10 (Cerulean Leopard)"
ID="almalinux"
ID_LIKE="rhel centos fedora"
VERSION_ID="8.10"
PLATFORM_ID="platform:el8"
PRETTY_NAME="AlmaLinux 8.10 (Cerulean Leopard)"
ANSI_COLOR="0;34"
LOGO="fedora-logo-icon"
CPE_NAME="cpe:/o:almalinux:almalinux:8::baseos"
HOME_URL="https://almalinux.org/"
DOCUMENTATION_URL="https://wiki.almalinux.org/"
BUG_REPORT_URL="https://bugs.almalinux.org/"

ALMALINUX_MANTISBT_PROJECT="AlmaLinux-8"
ALMALINUX_MANTISBT_PROJECT_VERSION="8.10"
REDHAT_SUPPORT_PRODUCT="AlmaLinux"
REDHAT_SUPPORT_PRODUCT_VERSION="8.10"
SUPPORT_END=2029-06-01

===== kernel =====
Linux lovelace.ada.cenapad.unicamp.br 4.18.0-553.150.1.el8_10.x86_64 #1 SMP Fri Jul 31 15:23:31 EDT 2026 x86_64 x86_64 x86_64 GNU/Linux

===== architecture =====
Architecture:        x86_64
CPU op-mode(s):      32-bit, 64-bit
Byte Order:          Little Endian
CPU(s):              16
On-line CPU(s) list: 0-15
Thread(s) per core:  1
Core(s) per socket:  16
Socket(s):           1
NUMA node(s):        1
Vendor ID:           AuthenticAMD
CPU family:          23
Model:               49
Model name:          AMD EPYC 7282 16-Core Processor
Stepping:            0
CPU MHz:             2800.000
CPU max MHz:         2800.0000
CPU min MHz:         1500.0000
BogoMIPS:            5589.23
Virtualization:      AMD-V
L1d cache:           32K
L1i cache:           32K
L2 cache:            512K
L3 cache:            16384K
NUMA node0 CPU(s):   0-15
Flags:               fpu vme de pse tsc msr pae mce cx8 apic sep mtrr pge mca cmov pat pse36 clflush mmx fxsr sse sse2 ht syscall nx mmxext fxsr_opt pdpe1gb rdtscp lm constant_tsc rep_good nopl nonstop_tsc cpuid extd_apicid aperfmperf pni pclmulqdq monitor ssse3 fma cx16 sse4_1 sse4_2 movbe popcnt aes xsave avx f16c rdrand lahf_lm cmp_legacy svm extapic cr8_legacy abm sse4a misalignsse 3dnowprefetch osvw ibs skinit wdt tce topoext perfctr_core perfctr_nb bpext perfctr_llc mwaitx cpb cat_l3 cdp_l3 hw_pstate ssbd mba ibrs ibpb stibp vmmcall fsgsbase bmi1 avx2 smep bmi2 cqm rdt_a rdseed adx smap clflushopt clwb sha_ni xsaveopt xsavec xgetbv1 xsaves cqm_llc cqm_occup_llc cqm_mbm_total cqm_mbm_local clzero irperf xsaveerptr wbnoinvd amd_ppin arat npt lbrv svm_lock nrip_save tsc_scale vmcb_clean flushbyasid decodeassists pausefilter pfthreshold avic v_vmsave_vmload vgif v_spec_ctrl umip rdpid overflow_recov succor smca sme sev sev_es

===== GCC =====
gcc (GCC) 8.5.0 20210514 (Red Hat 8.5.0-28)
Copyright (C) 2018 Free Software Foundation, Inc.
This is free software; see the source for copying conditions.  There is NO
warranty; not even for MERCHANTABILITY or FITNESS FOR A PARTICULAR PURPOSE.


===== Spack =====
NOT FOUND: spack

===== MPICH wrapper =====
NOT FOUND: mpicc

===== MPICH version =====
NOT FOUND: mpichversion

===== UCX version =====
# Library version: 1.15.0
# Library path: /lib64/libucs.so.0
# API headers version: 1.15.0
# Git branch '', revision 348d14f
# Configured with: --build=x86_64-redhat-linux-gnu --host=x86_64-redhat-linux-gnu --program-prefix= --disable-dependency-tracking --prefix=/usr --exec-prefix=/usr --bindir=/usr/bin --sbindir=/usr/sbin --sysconfdir=/etc --datadir=/usr/share --includedir=/usr/include --libdir=/usr/lib64 --libexecdir=/usr/libexec --localstatedir=/var --sharedstatedir=/var/lib --mandir=/usr/share/man --infodir=/usr/share/info --disable-optimizations --disable-logging --disable-debug --disable-assertions --disable-params-check --without-java --enable-cma --without-cuda --without-gdrcopy --with-verbs --without-cm --without-knem --with-rdmacm --without-rocm --without-xpmem --without-fuse3 --without-ugni

===== Apptainer version =====
NOT FOUND: apptainer

===== Singularity version =====
singularity version 3.8.5-2.el8

===== HPCCM version =====
NOT FOUND: hpccm

===== OFED/RDMA packages =====

===== loaded modules =====
module
No modules loaded

===== relevant environment =====
PATH=/home/lovelace/proj/proj1165/j324077/.opencode/bin:/home/lovelace/proj/proj1165/j324077/.local/bin:/home/lovelace/proj/proj1165/j324077/bin:/usr/local/bin:/usr/bin:/usr/local/sbin:/usr/sbin:/opt/pbs/bin
collect_status=0
collection_utc=2026-10-02T00:59:05Z
hostname=lovelace

===== IB status =====
CA 'mlx5_0'
	CA type: MT4123
	Number of ports: 1
	Firmware version: 20.43.3608
	Hardware version: 0
	Node GUID: 0x043f720300e23cb6
	System image GUID: 0x043f720300e23cb6
	Port 1:
		State: Active
		Physical state: LinkUp
		Rate: 100
		Base lid: 19
		LMC: 0
		SM lid: 1
		Capability mask: 0xa659e848
		Port GUID: 0x043f720300e23cb6
		Link layer: InfiniBand

===== IB device information =====
NOT FOUND: ibv_devinfo

===== RDMA link information =====
link mlx5_0/1 subnet_prefix fe80:0000:0000:0000 lid 19 sm_lid 1 lmc 0 state ACTIVE physical_state LINK_UP 

===== UCX devices and transports =====
#
# Memory domain: self
#     Component: self
#             register: unlimited, cost: 0 nsec
#           remote key: 0 bytes
#           rkey_ptr is supported
#         memory types: host (access,reg_nonblock,reg,cache)
#
#      Transport: self
#         Device: memory
#           Type: loopback
#  System device: <unknown>
#
#      capabilities:
#            bandwidth: 0.00/ppn + 19360.00 MB/sec
#              latency: 0 nsec
#             overhead: 10 nsec
#            put_short: <= 4294967295
#            put_bcopy: unlimited
#            get_bcopy: unlimited
#             am_short: <= 8K
#             am_bcopy: <= 8K
#               domain: cpu
#           atomic_add: 32, 64 bit
#           atomic_and: 32, 64 bit
#            atomic_or: 32, 64 bit
#           atomic_xor: 32, 64 bit
#          atomic_fadd: 32, 64 bit
#          atomic_fand: 32, 64 bit
#           atomic_for: 32, 64 bit
#          atomic_fxor: 32, 64 bit
#          atomic_swap: 32, 64 bit
#         atomic_cswap: 32, 64 bit
#           connection: to iface
#      device priority: 0
#     device num paths: 1
#              max eps: inf
#       device address: 0 bytes
#        iface address: 8 bytes
#       error handling: ep_check
#
#
# Memory domain: tcp
#     Component: tcp
#             register: unlimited, cost: 0 nsec
#           remote key: 0 bytes
#         memory types: host (access,reg_nonblock,reg,cache)
#
#      Transport: tcp
#         Device: lo
#           Type: network
#  System device: <unknown>
#
#      capabilities:
#            bandwidth: 11.91/ppn + 0.00 MB/sec
#              latency: 10960 nsec
#             overhead: 50000 nsec
#            put_zcopy: <= 18446744073709551590, up to 6 iov
#  put_opt_zcopy_align: <= 1
#        put_align_mtu: <= 0
#             am_short: <= 8K
#             am_bcopy: <= 8K
#             am_zcopy: <= 64K, up to 6 iov
#   am_opt_zcopy_align: <= 1
#         am_align_mtu: <= 0
#            am header: <= 8037
#           connection: to ep, to iface
#      device priority: 1
#     device num paths: 1
#              max eps: 256
#       device address: 18 bytes
#        iface address: 2 bytes
#           ep address: 10 bytes
#       error handling: peer failure, ep_check, keepalive
#
#      Transport: tcp
#         Device: bond0.80
#           Type: network
#  System device: <unknown>
#
#      capabilities:
#            bandwidth: 2200.00/ppn + 0.00 MB/sec
#              latency: 5229 nsec
#             overhead: 50000 nsec
#            put_zcopy: <= 18446744073709551590, up to 6 iov
#  put_opt_zcopy_align: <= 1
#        put_align_mtu: <= 0
#             am_short: <= 8K
#             am_bcopy: <= 8K
#             am_zcopy: <= 64K, up to 6 iov
#   am_opt_zcopy_align: <= 1
#         am_align_mtu: <= 0
#            am header: <= 8037
#           connection: to ep, to iface
#      device priority: 0
#     device num paths: 1
#              max eps: 256
#       device address: 6 bytes
#        iface address: 2 bytes
#           ep address: 10 bytes
#       error handling: peer failure, ep_check, keepalive
#
#      Transport: tcp
#         Device: ib0
#           Type: network
#  System device: <unknown>
#
#      capabilities:
#            bandwidth: 2200.00/ppn + 0.00 MB/sec
#              latency: 5206 nsec
#             overhead: 50000 nsec
#            put_zcopy: <= 18446744073709551590, up to 6 iov
#  put_opt_zcopy_align: <= 1
#        put_align_mtu: <= 0
#             am_short: <= 8K
#             am_bcopy: <= 8K
#             am_zcopy: <= 64K, up to 6 iov
#   am_opt_zcopy_align: <= 1
#         am_align_mtu: <= 0
#            am header: <= 8037
#           connection: to ep, to iface
#      device priority: 1
#     device num paths: 1
#              max eps: 256
#       device address: 6 bytes
#        iface address: 2 bytes
#           ep address: 10 bytes
#       error handling: peer failure, ep_check, keepalive
#
#      Transport: tcp
#         Device: bond0
#           Type: network
#  System device: bond0 (0)
#
#      capabilities:
#            bandwidth: 2200.00/ppn + 0.00 MB/sec
#              latency: 5229 nsec
#             overhead: 50000 nsec
#            put_zcopy: <= 18446744073709551590, up to 6 iov
#  put_opt_zcopy_align: <= 1
#        put_align_mtu: <= 0
#             am_short: <= 8K
#             am_bcopy: <= 8K
#             am_zcopy: <= 64K, up to 6 iov
#   am_opt_zcopy_align: <= 1
#         am_align_mtu: <= 0
#            am header: <= 8037
#           connection: to ep, to iface
#      device priority: 1
#     device num paths: 1
#              max eps: 256
#       device address: 6 bytes
#        iface address: 2 bytes
#           ep address: 10 bytes
#       error handling: peer failure, ep_check, keepalive
#
#      Transport: tcp
#         Device: bond0.1010
#           Type: network
#  System device: <unknown>
#
#      capabilities:
#            bandwidth: 2200.00/ppn + 0.00 MB/sec
#              latency: 5229 nsec
#             overhead: 50000 nsec
#            put_zcopy: <= 18446744073709551590, up to 6 iov
#  put_opt_zcopy_align: <= 1
#        put_align_mtu: <= 0
#             am_short: <= 8K
#             am_bcopy: <= 8K
#             am_zcopy: <= 64K, up to 6 iov
#   am_opt_zcopy_align: <= 1
#         am_align_mtu: <= 0
#            am header: <= 8037
#           connection: to ep, to iface
#      device priority: 1
#     device num paths: 1
#              max eps: 256
#       device address: 6 bytes
#        iface address: 2 bytes
#           ep address: 10 bytes
#       error handling: peer failure, ep_check, keepalive
#
#
# Connection manager: tcp
#      max_conn_priv: 2064 bytes
#
# Memory domain: sysv
#     Component: sysv
#             allocate: unlimited
#           remote key: 12 bytes
#           rkey_ptr is supported
#         memory types: host (access,alloc,cache)
#
#      Transport: sysv
#         Device: memory
#           Type: intra-node
#  System device: <unknown>
#
#      capabilities:
#            bandwidth: 0.00/ppn + 15360.00 MB/sec
#              latency: 80 nsec
#             overhead: 10 nsec
#            put_short: <= 4294967295
#            put_bcopy: unlimited
#            get_bcopy: unlimited
#             am_short: <= 100
#             am_bcopy: <= 8256
#               domain: cpu
#           atomic_add: 32, 64 bit
#           atomic_and: 32, 64 bit
#            atomic_or: 32, 64 bit
#           atomic_xor: 32, 64 bit
#          atomic_fadd: 32, 64 bit
#          atomic_fand: 32, 64 bit
#           atomic_for: 32, 64 bit
#          atomic_fxor: 32, 64 bit
#          atomic_swap: 32, 64 bit
#         atomic_cswap: 32, 64 bit
#           connection: to iface
#      device priority: 0
#     device num paths: 1
#              max eps: inf
#       device address: 8 bytes
#        iface address: 8 bytes
#       error handling: ep_check
#
#
# Memory domain: posix
#     Component: posix
#             allocate: <= 32569160K
#           remote key: 24 bytes
#           rkey_ptr is supported
#         memory types: host (access,alloc,cache)
#
#      Transport: posix
#         Device: memory
#           Type: intra-node
#  System device: <unknown>
#
#      capabilities:
#            bandwidth: 0.00/ppn + 15360.00 MB/sec
#              latency: 80 nsec
#             overhead: 10 nsec
#            put_short: <= 4294967295
#            put_bcopy: unlimited
#            get_bcopy: unlimited
#             am_short: <= 100
#             am_bcopy: <= 8256
#               domain: cpu
#           atomic_add: 32, 64 bit
#           atomic_and: 32, 64 bit
#            atomic_or: 32, 64 bit
#           atomic_xor: 32, 64 bit
#          atomic_fadd: 32, 64 bit
#          atomic_fand: 32, 64 bit
#           atomic_for: 32, 64 bit
#          atomic_fxor: 32, 64 bit
#          atomic_swap: 32, 64 bit
#         atomic_cswap: 32, 64 bit
#           connection: to iface
#      device priority: 0
#     device num paths: 1
#              max eps: inf
#       device address: 8 bytes
#        iface address: 8 bytes
#       error handling: ep_check
#
#
# Memory domain: mlx5_0
#     Component: ib
#             register: unlimited, cost: 180 nsec
#           remote key: 8 bytes
#           local memory handle is required for zcopy
#           memory invalidation is supported
#         memory types: host (access,reg,cache)
#
#      Transport: dc_mlx5
#         Device: mlx5_0:1
#           Type: network
#  System device: mlx5_0 (1)
#
#      capabilities:
#            bandwidth: 11794.23/ppn + 0.00 MB/sec
#              latency: 660 nsec
#             overhead: 40 nsec
#            put_short: <= 2K
#            put_bcopy: <= 8256
#            put_zcopy: <= 1G, up to 11 iov
#  put_opt_zcopy_align: <= 512
#        put_align_mtu: <= 4K
#            get_bcopy: <= 8256
#            get_zcopy: 65..1G, up to 11 iov
#  get_opt_zcopy_align: <= 512
#        get_align_mtu: <= 4K
#             am_short: <= 2046
#             am_bcopy: <= 8254
#             am_zcopy: <= 8254, up to 3 iov
#   am_opt_zcopy_align: <= 512
#         am_align_mtu: <= 4K
#            am header: <= 138
#               domain: device
#           atomic_add: 32, 64 bit
#           atomic_and: 32, 64 bit
#            atomic_or: 32, 64 bit
#           atomic_xor: 32, 64 bit
#          atomic_fadd: 32, 64 bit
#          atomic_fand: 32, 64 bit
#           atomic_for: 32, 64 bit
#          atomic_fxor: 32, 64 bit
#          atomic_swap: 32, 64 bit
#         atomic_cswap: 32, 64 bit
#           connection: to iface
#      device priority: 50
#     device num paths: 1
#              max eps: inf
#       device address: 3 bytes
#        iface address: 7 bytes
#       error handling: buffer (zcopy), remote access, peer failure, ep_check
#
#
#      Transport: rc_verbs
#         Device: mlx5_0:1
#           Type: network
#  System device: mlx5_0 (1)
#
#      capabilities:
#            bandwidth: 11794.23/ppn + 0.00 MB/sec
#              latency: 600 + 1.000 * N nsec
#             overhead: 75 nsec
#            put_short: <= 124
#            put_bcopy: <= 8256
#            put_zcopy: <= 1G, up to 5 iov
#  put_opt_zcopy_align: <= 512
#        put_align_mtu: <= 4K
#            get_bcopy: <= 8256
#            get_zcopy: 65..1G, up to 5 iov
#  get_opt_zcopy_align: <= 512
#        get_align_mtu: <= 4K
#             am_short: <= 123
#             am_bcopy: <= 8255
#             am_zcopy: <= 8255, up to 4 iov
#   am_opt_zcopy_align: <= 512
#         am_align_mtu: <= 4K
#            am header: <= 127
#               domain: device
#           atomic_add: 64 bit
#          atomic_fadd: 64 bit
#         atomic_cswap: 64 bit
#           connection: to ep
#      device priority: 50
#     device num paths: 1
#              max eps: 256
#       device address: 3 bytes
#           ep address: 7 bytes
#       error handling: peer failure, ep_check
#
#
#      Transport: rc_mlx5
#         Device: mlx5_0:1
#           Type: network
#  System device: mlx5_0 (1)
#
#      capabilities:
#            bandwidth: 11794.23/ppn + 0.00 MB/sec
#              latency: 600 + 1.000 * N nsec
#             overhead: 40 nsec
#            put_short: <= 2K
#            put_bcopy: <= 8256
#            put_zcopy: <= 1G, up to 14 iov
#  put_opt_zcopy_align: <= 512
#        put_align_mtu: <= 4K
#            get_bcopy: <= 8256
#            get_zcopy: 65..1G, up to 14 iov
#  get_opt_zcopy_align: <= 512
#        get_align_mtu: <= 4K
#             am_short: <= 2046
#             am_bcopy: <= 8254
#             am_zcopy: <= 8254, up to 3 iov
#   am_opt_zcopy_align: <= 512
#         am_align_mtu: <= 4K
#            am header: <= 186
#               domain: device
#           atomic_add: 32, 64 bit
#           atomic_and: 32, 64 bit
#            atomic_or: 32, 64 bit
#           atomic_xor: 32, 64 bit
#          atomic_fadd: 32, 64 bit
#          atomic_fand: 32, 64 bit
#           atomic_for: 32, 64 bit
#          atomic_fxor: 32, 64 bit
#          atomic_swap: 32, 64 bit
#         atomic_cswap: 32, 64 bit
#           connection: to ep
#      device priority: 50
#     device num paths: 1
#              max eps: 256
#       device address: 3 bytes
#           ep address: 10 bytes
#       error handling: buffer (zcopy), remote access, peer failure, ep_check
#
#
#      Transport: ud_verbs
#         Device: mlx5_0:1
#           Type: network
#  System device: mlx5_0 (1)
#
#      capabilities:
#            bandwidth: 11794.23/ppn + 0.00 MB/sec
#              latency: 630 nsec
#             overhead: 105 nsec
#             am_short: <= 116
#             am_bcopy: <= 4088
#             am_zcopy: <= 4088, up to 5 iov
#   am_opt_zcopy_align: <= 512
#         am_align_mtu: <= 4K
#            am header: <= 3992
#           connection: to ep, to iface
#      device priority: 50
#     device num paths: 1
#              max eps: inf
#       device address: 3 bytes
#        iface address: 3 bytes
#           ep address: 6 bytes
#       error handling: peer failure, ep_check
#
#
#      Transport: ud_mlx5
#         Device: mlx5_0:1
#           Type: network
#  System device: mlx5_0 (1)
#
#      capabilities:
#            bandwidth: 11794.23/ppn + 0.00 MB/sec
#              latency: 630 nsec
#             overhead: 80 nsec
#             am_short: <= 180
#             am_bcopy: <= 4088
#             am_zcopy: <= 4088, up to 3 iov
#   am_opt_zcopy_align: <= 512
#         am_align_mtu: <= 4K
#            am header: <= 132
#           connection: to ep, to iface
#      device priority: 50
#     device num paths: 1
#              max eps: inf
#       device address: 3 bytes
#        iface address: 3 bytes
#           ep address: 6 bytes
#       error handling: peer failure, ep_check
#

===== UCX version and build configuration =====
# Library version: 1.15.0
# Library path: /lib64/libucs.so.0
# API headers version: 1.15.0
# Git branch '', revision 348d14f
# Configured with: --build=x86_64-redhat-linux-gnu --host=x86_64-redhat-linux-gnu --program-prefix= --disable-dependency-tracking --prefix=/usr --exec-prefix=/usr --bindir=/usr/bin --sbindir=/usr/sbin --sysconfdir=/etc --datadir=/usr/share --includedir=/usr/include --libdir=/usr/lib64 --libexecdir=/usr/libexec --localstatedir=/var --sharedstatedir=/var/lib --mandir=/usr/share/man --infodir=/usr/share/info --disable-optimizations --disable-logging --disable-debug --disable-assertions --disable-params-check --without-java --enable-cma --without-cuda --without-gdrcopy --with-verbs --without-cm --without-knem --with-rdmacm --without-rocm --without-xpmem --without-fuse3 --without-ugni

===== libfabric providers =====
NOT FOUND: fi_info

===== network interfaces =====
lo               UNKNOWN        00:00:00:00:00:00 <LOOPBACK,UP,LOWER_UP> 
eno1             UP             cc:96:e5:ea:27:d2 <BROADCAST,MULTICAST,UP,LOWER_UP> 
ens1f0np0        UP             2c:ea:7f:99:3c:1f <BROADCAST,MULTICAST,SLAVE,UP,LOWER_UP> 
ens1f1np1        UP             2c:ea:7f:99:3c:1f <BROADCAST,MULTICAST,SLAVE,UP,LOWER_UP> 
eno2             DOWN           cc:96:e5:ea:27:d3 <NO-CARRIER,BROADCAST,MULTICAST,UP> 
enp196s0f0       DOWN           b0:26:28:9c:82:a8 <NO-CARRIER,BROADCAST,MULTICAST,UP> 
enp196s0f1       DOWN           b0:26:28:9c:82:a9 <NO-CARRIER,BROADCAST,MULTICAST,UP> 
enp196s0f2       DOWN           b0:26:28:9c:82:aa <NO-CARRIER,BROADCAST,MULTICAST,UP> 
enp196s0f3       DOWN           b0:26:28:9c:82:ab <NO-CARRIER,BROADCAST,MULTICAST,UP> 
ib0              UP             00:00:06:5d:fe:80:00:00:00:00:00:00:04:3f:72:03:00:e2:3c:b6 <BROADCAST,MULTICAST,UP,LOWER_UP> 
bond0            UP             2c:ea:7f:99:3c:1f <BROADCAST,MULTICAST,MASTER,UP,LOWER_UP> 
bond0.80@bond0   UP             2c:ea:7f:99:3c:1f <BROADCAST,MULTICAST,UP,LOWER_UP> 
bond0.1010@bond0 UP             2c:ea:7f:99:3c:1f <BROADCAST,MULTICAST,UP,LOWER_UP> 
virbr0           DOWN           52:54:00:19:07:1a <NO-CARRIER,BROADCAST,MULTICAST,UP> 

Saved InfiniBand diagnostics to /home/lovelace/proj/proj1165/j324077/hpc-benchmark-cenapad/results/environment/infiniband-lovelace-20261002T005905Z.txt
ib_status=0
finished=2026-10-02T00:59:06Z
